$ git worktree add --detach /tmp/forge_diag_push_20260809_025245_35403 HEAD
exit_code=0
[stdout]
HEAD 现在位于 0d00272 说明

[stderr]
准备工作区（分离头指针 0d00272）


$ git checkout --orphan diagnostics/forge-nim-20260809_025245
exit_code=0
[stderr]
切换到一个新分支 'diagnostics/forge-nim-20260809_025245'


$ git add -f .
exit_code=0

$ git -c user.name=Arena.ai Agent Mode -c user.email=agent@arena.ai commit --no-verify -m diagnostics: forge nim trace 20260809_025245
exit_code=0
[stdout]
[diagnostics/forge-nim-20260809_025245（根提交） 597e85e] diagnostics: forge nim trace 20260809_025245
 16 files changed, 1631 insertions(+)
 create mode 100644 forge_nim_diag_20260809_025245/SUMMARY.md
 create mode 100644 forge_nim_diag_20260809_025245/after_vscode_watch_snapshot.json
 create mode 100644 forge_nim_diag_20260809_025245/before_snapshot.json
 create mode 100644 forge_nim_diag_20260809_025245/env_backup_before_glm-slow.env.redacted.txt
 create mode 100644 forge_nim_diag_20260809_025245/final_snapshot.json
 create mode 100644 forge_nim_diag_20260809_025245/push_sanitized_artifact.log
 create mode 100644 forge_nim_diag_20260809_025245/restart_fast.json
 create mode 100644 forge_nim_diag_20260809_025245/restart_kill.log
 create mode 100644 forge_nim_diag_20260809_025245/summary.json
 create mode 100644 forge_nim_diag_20260809_025245/vscode_instruction.txt
 create mode 100644 forge_nim_diag_20260809_025245/vscode_manual_stop_or_done_timing.json
 create mode 100644 forge_nim_diag_20260809_025245/vscode_nim_delta.log
 create mode 100644 forge_nim_diag_20260809_025245/vscode_sent_timing.json
 create mode 100644 forge_nim_diag_20260809_025245/vscode_smart_delta.log
 create mode 100644 forge_nim_diag_20260809_025245/vscode_watch_samples.jsonl
 create mode 100644 forge_nim_diag_20260809_025245/vscode_watch_samples_human.log


$ git push -f origin diagnostics/forge-nim-20260809_025245
exit_code=128
[stderr]
Connection closed by 127.0.0.1 port 1080
致命错误：无法读取远程仓库。

请确认您有正确的访问权限并且仓库存在。


$ git worktree add --detach /tmp/forge_diag_push_20260809_025245_48819 HEAD
exit_code=0
[stdout]
HEAD 现在位于 0d00272 说明

[stderr]
准备工作区（分离头指针 0d00272）


$ git checkout --orphan diagnostics/forge-nim-20260809_025245
exit_code=128
[stderr]
致命错误：一个名为 'diagnostics/forge-nim-20260809_025245' 的分支已经存在


$ git worktree add --detach /tmp/forge_diag_push_20260809_025245_48851 HEAD
exit_code=0
[stdout]
HEAD 现在位于 0d00272 说明

[stderr]
准备工作区（分离头指针 0d00272）


$ git checkout --orphan diagnostics/forge-nim-20260809_025245
exit_code=128
[stderr]
致命错误：一个名为 'diagnostics/forge-nim-20260809_025245' 的分支已经存在


$ git worktree add --detach /tmp/forge_diag_push_20260809_025245_48889 HEAD
exit_code=0
[stdout]
HEAD 现在位于 0d00272 说明

[stderr]
准备工作区（分离头指针 0d00272）


$ git checkout --orphan diagnostics/forge-nim-20260809_025245
exit_code=128
[stderr]
致命错误：一个名为 'diagnostics/forge-nim-20260809_025245' 的分支已经存在


$ git worktree add --detach /tmp/forge_diag_push_20260809_025245_49018 HEAD
exit_code=0
[stdout]
HEAD 现在位于 0d00272 说明

[stderr]
准备工作区（分离头指针 0d00272）


$ git checkout --orphan diagnostics/forge-nim-20260809_025245
exit_code=128
[stderr]
致命错误：一个名为 'diagnostics/forge-nim-20260809_025245' 的分支已经存在


$ git worktree add --detach /tmp/forge_diag_push_20260809_025245_49206 HEAD
exit_code=0
[stdout]
HEAD 现在位于 0d00272 说明

[stderr]
准备工作区（分离头指针 0d00272）


$ git checkout --orphan diagnostics/forge-nim-20260809_025245
exit_code=128
[stderr]
致命错误：一个名为 'diagnostics/forge-nim-20260809_025245' 的分支已经存在


$ git worktree add --detach /tmp/forge_diag_push_20260809_025245_50094 HEAD
exit_code=0
[stdout]
HEAD 现在位于 1e32845 chore: remove local env copy from git

[stderr]
准备工作区（分离头指针 1e32845）


$ git checkout --orphan diagnostics/forge-nim-20260809_025245
exit_code=128
[stderr]
致命错误：一个名为 'diagnostics/forge-nim-20260809_025245' 的分支已经存在


$ git branch -D diagnostics/forge-nim-20260809_025245
exit_code=0
[stdout]
已删除分支 diagnostics/forge-nim-20260809_025245（曾为 597e85e）。


$ git worktree add --detach /tmp/forge_diag_push_20260809_025245_50464 HEAD
exit_code=0
[stdout]
HEAD 现在位于 0eaad8a fix(infra): retry existing diagnostics branch push

[stderr]
准备工作区（分离头指针 0eaad8a）


$ git checkout --orphan diagnostics/forge-nim-20260809_025245
exit_code=0
[stderr]
切换到一个新分支 'diagnostics/forge-nim-20260809_025245'


